// Vitest Snapshot v1, https://vitest.dev/guide/snapshot.html

exports[`CreatorToolbar V2 > render snapshot — evidence UI toolbar/palette 1`] = `
<div
  class="flex flex-col border-b border-gray-200 bg-gray-50"
  data-testid="creator-toolbar"
>
  <div
    class="px-3 pt-2 pb-1 text-[10px] uppercase tracking-wide font-semibold text-gray-500"
  >
    Narzędzia edytora
  </div>
  <div
    class="flex flex-wrap items-center gap-1 px-3 pb-2"
  >
    <button
      class="
              flex items-center gap-1 px-2 py-1 text-xs font-medium rounded
              border transition-colors
              cursor-pointer
              bg-white border-gray-300 text-gray-600 hover:bg-gray-100
            "
      data-testid="creator-tool-select"
      title="Wybór elementu i przejście do inspektora."
    >
      <span
        class="text-sm"
      >
        🖱
      </span>
      <span>
        Wybierz
      </span>
    </button>
    <button
      class="
              flex items-center gap-1 px-2 py-1 text-xs font-medium rounded
              border transition-colors
              cursor-pointer
              bg-white border-gray-300 text-gray-600 hover:bg-gray-100
            "
      data-testid="creator-tool-move"
      title="Przesuwanie geometrii z użyciem portów i snapowania."
    >
      <span
        class="text-sm"
      >
        ✥
      </span>
      <span>
        Przesuń
      </span>
    </button>
    <button
      class="
              flex items-center gap-1 px-2 py-1 text-xs font-medium rounded
              border transition-colors
              cursor-pointer
              bg-white border-gray-300 text-gray-600 hover:bg-gray-100
            "
      data-testid="creator-tool-edit_properties"
      title="Edycja parametrów elementu przez ENM_OP update."
    >
      <span
        class="text-sm"
      >
        🛠
      </span>
      <span>
        Edytuj właściwości
      </span>
    </button>
    <button
      class="
              flex items-center gap-1 px-2 py-1 text-xs font-medium rounded
              border transition-colors
              cursor-pointer
              bg-white border-gray-300 text-gray-600 hover:bg-gray-100
            "
      data-testid="creator-tool-delete_element"
      title="Usunięcie elementu z modelu przez operację domenową."
    >
      <span
        class="text-sm"
      >
        🗑
      </span>
      <span>
        Usuń z modelu
      </span>
    </button>
    <button
      class="
              flex items-center gap-1 px-2 py-1 text-xs font-medium rounded
              border transition-colors
              cursor-pointer
              bg-white border-gray-300 text-gray-600 hover:bg-gray-100
            "
      data-testid="creator-tool-assign_catalog"
      title="Przypisanie typu katalogowego do wskazanego elementu."
    >
      <span
        class="text-sm"
      >
        📚
      </span>
      <span>
        Przypisz katalog
      </span>
    </button>
  </div>
  <div
    class="px-3 pt-1 pb-1 text-[10px] uppercase tracking-wide font-semibold text-gray-500 border-t border-gray-200"
  >
    Budowa sieci SN
  </div>
  <div
    class="flex flex-wrap items-center gap-1 px-3 pb-2"
  >
    <button
      class="
              flex items-center gap-1 px-2 py-1 text-xs font-medium rounded
              border transition-colors
              cursor-pointer
              bg-blue-100 border-blue-400 text-blue-800 shadow-sm
            "
      data-testid="creator-tool-continue_trunk"
      title="Kontynuuje trunk od aktywnego terminala magistrali."
    >
      <span
        class="text-sm"
      >
        ━
      </span>
      <span>
        Dodaj odcinek magistrali
      </span>
    </button>
    <button
      class="
              flex items-center gap-1 px-2 py-1 text-xs font-medium rounded
              border transition-colors
              cursor-pointer
              bg-white border-gray-300 text-gray-600 hover:bg-gray-100
            "
      data-testid="creator-tool-insert_station"
      title="Wstawia stację SN/nN na wskazanym segmencie magistrali."
    >
      <span
        class="text-sm"
      >
        ▣
      </span>
      <span>
        Wstaw stację w odcinek
      </span>
    </button>
    <button
      class="
              flex items-center gap-1 px-2 py-1 text-xs font-medium rounded
              border transition-colors
              cursor-pointer
              bg-white border-gray-300 text-gray-600 hover:bg-gray-100
            "
      data-testid="creator-tool-start_branch"
      title="Tworzy branch z poprawnego portu semantycznego."
    >
      <span
        class="text-sm"
      >
        ┣
      </span>
      <span>
        Dodaj odgałęzienie
      </span>
    </button>
    <button
      class="
              flex items-center gap-1 px-2 py-1 text-xs font-medium rounded
              border transition-colors
              cursor-pointer
              bg-white border-gray-300 text-gray-600 hover:bg-gray-100
            "
      data-testid="creator-tool-connect_ring"
      title="Łączy dwa terminale secondary ring."
    >
      <span
        class="text-sm"
      >
        ◌
      </span>
      <span>
        Połącz ring
      </span>
    </button>
    <button
      class="
              flex items-center gap-1 px-2 py-1 text-xs font-medium rounded
              border transition-colors
              cursor-pointer
              bg-white border-gray-300 text-gray-600 hover:bg-gray-100
            "
      data-testid="creator-tool-set_nop"
      title="Ustawia normalnie otwarty punkt na segmencie ring."
    >
      <span
        class="text-sm"
      >
        ⊘
      </span>
      <span>
        Ustaw NOP
      </span>
    </button>
    <button
      class="
              flex items-center gap-1 px-2 py-1 text-xs font-medium rounded
              border transition-colors
              cursor-pointer
              bg-white border-gray-300 text-gray-600 hover:bg-gray-100
            "
      data-testid="creator-tool-add_pv"
      title="Dodaje źródło PV po stronie nN."
    >
      <span
        class="text-sm"
      >
        ☀
      </span>
      <span>
        Dodaj PV
      </span>
    </button>
    <button
      class="
              flex items-center gap-1 px-2 py-1 text-xs font-medium rounded
              border transition-colors
              cursor-pointer
              bg-white border-gray-300 text-gray-600 hover:bg-gray-100
            "
      data-testid="creator-tool-add_bess"
      title="Dodaje magazyn energii BESS po stronie nN."
    >
      <span
        class="text-sm"
      >
        ▤
      </span>
      <span>
        Dodaj BESS
      </span>
    </button>
  </div>
  <div
    class="px-3 py-2 border-t border-gray-200 bg-white"
  >
    <div
      class="text-[10px] uppercase tracking-wide font-semibold text-gray-500 mb-1"
    >
      Paleta typów obiektów
    </div>
    <div
      class="grid grid-cols-1 gap-1 max-h-40 overflow-auto"
    >
      <div
        class="rounded border border-gray-200 px-2 py-1 text-[11px] text-gray-700 bg-gray-50"
        data-testid="palette-object-GPZ"
      >
        <div
          class="font-medium"
        >
          GPZ
        </div>
        <div
          class="text-[10px] text-gray-500"
        >
          Porty: 
          Magistrala
        </div>
      </div>
      <div
        class="rounded border border-gray-200 px-2 py-1 text-[11px] text-gray-700 bg-gray-50"
        data-testid="palette-object-STACJA_KONCOWA"
      >
        <div
          class="font-medium"
        >
          Stacja końcowa
        </div>
        <div
          class="text-[10px] text-gray-500"
        >
          Porty: 
          Wejście SN
        </div>
      </div>
      <div
        class="rounded border border-gray-200 px-2 py-1 text-[11px] text-gray-700 bg-gray-50"
        data-testid="palette-object-STACJA_PRZELOTOWA"
      >
        <div
          class="font-medium"
        >
          Stacja przelotowa
        </div>
        <div
          class="text-[10px] text-gray-500"
        >
          Porty: 
          Wejście SN, Wyjście SN
        </div>
      </div>
      <div
        class="rounded border border-gray-200 px-2 py-1 text-[11px] text-gray-700 bg-gray-50"
        data-testid="palette-object-STACJA_ODGALEZNA"
      >
        <div
          class="font-medium"
        >
          Stacja odgałęźna
        </div>
        <div
          class="text-[10px] text-gray-500"
        >
          Porty: 
          Wejście SN, Wyjście SN, Odgałęzienie
        </div>
      </div>
      <div
        class="rounded border border-gray-200 px-2 py-1 text-[11px] text-gray-700 bg-gray-50"
        data-testid="palette-object-STACJA_SEKCYJNA"
      >
        <div
          class="font-medium"
        >
          Stacja sekcyjna
        </div>
        <div
          class="text-[10px] text-gray-500"
        >
          Porty: 
          Sekcja A, Sekcja B, Port ring
        </div>
      </div>
      <div
        class="rounded border border-gray-200 px-2 py-1 text-[11px] text-gray-700 bg-gray-50"
        data-testid="palette-object-ZKSN"
      >
        <div
          class="font-medium"
        >
          ZKSN
        </div>
        <div
          class="text-[10px] text-gray-500"
        >
          Porty: 
          Wejście, Wyjście
        </div>
      </div>
      <div
        class="rounded border border-gray-200 px-2 py-1 text-[11px] text-gray-700 bg-gray-50"
        data-testid="palette-object-PUNKT_ROZGALEZNY"
      >
        <div
          class="font-medium"
        >
          Punkt rozgałęźny / słup
        </div>
        <div
          class="text-[10px] text-gray-500"
        >
          Porty: 
          Wejście, Wyjście, Branch
        </div>
      </div>
      <div
        class="rounded border border-gray-200 px-2 py-1 text-[11px] text-gray-700 bg-gray-50"
        data-testid="palette-object-PV"
      >
        <div
          class="font-medium"
        >
          PV
        </div>
        <div
          class="text-[10px] text-gray-500"
        >
          Porty: 
          Przyłącze nN
        </div>
      </div>
      <div
        class="rounded border border-gray-200 px-2 py-1 text-[11px] text-gray-700 bg-gray-50"
        data-testid="palette-object-BESS"
      >
        <div
          class="font-medium"
        >
          BESS
        </div>
        <div
          class="text-[10px] text-gray-500"
        >
          Porty: 
          Przyłącze nN
        </div>
      </div>
    </div>
  </div>
  <div
    class="px-3 py-1 bg-blue-50/50 border-t border-gray-100 text-xs text-gray-600"
  >
    Kontynuuje trunk od aktywnego terminala magistrali.
  </div>
</div>
`;
