// Vitest Snapshot v1, https://vitest.dev/guide/snapshot.html

exports[`Tight Layout Fixtures > resolves tight side-branch layout deterministically 1`] = `
[
  [
    "sym-bus-A",
    {
      "x": 180,
      "y": 360,
    },
  ],
  [
    "sym-bus-B",
    {
      "x": 180,
      "y": 460,
    },
  ],
  [
    "sym-bus-C",
    {
      "x": 180,
      "y": 560,
    },
  ],
  [
    "sym-bus-D",
    {
      "x": 180,
      "y": 660,
    },
  ],
  [
    "sym-bus-main",
    {
      "x": 180,
      "y": 220,
    },
  ],
  [
    "sym-line-tight-1",
    {
      "x": 2440,
      "y": 360,
    },
  ],
  [
    "sym-line-tight-2",
    {
      "x": 2740,
      "y": 360,
    },
  ],
  [
    "sym-line-tight-3",
    {
      "x": 8920,
      "y": 360,
    },
  ],
  [
    "sym-line-tight-4",
    {
      "x": 9220,
      "y": 360,
    },
  ],
  [
    "sym-source-tight",
    {
      "x": 180,
      "y": 80,
    },
  ],
]
`;
